// Jest Snapshot v1, https://goo.gl/fbAQLP

exports[`Testing al cliente Es Kristoffer? 1`] = `
Object {
  "balance": 500,
  "nombre": "Kristoffer 2",
  "tipo": "Premium",
}
`;
